
                         Lattice Mapping Report File

Design:  lab2_kl
Family:  iCE40UP
Device:  iCE40UP5K
Package: SG48
Performance Grade:  High-Performance_1.2V

Mapper:    version Radiant Software (64-bit) 2026.1.0.37.0
Mapped on: Sat Sep 12 21:09:30 2026

Design Information
------------------

Command line:   map -pdc C:/Users/klatvakoski/Documents/GitHub/katie_multiplexer
     _lab2/Radiant_files/lab2_kl/pinout.pdc -i lab2_kl_impl_1_syn.udb -o
     lab2_kl_impl_1_map.udb -mp lab2_kl_impl_1.mrp -hierrpt -gui -msgset C:/User
     s/klatvakoski/Documents/GitHub/katie_multiplexer_lab2/Radiant_files/lab2_kl
     /promote.xml

Design Summary
--------------

   Number of slice registers:  19 out of  5280 (<1%)
   Number of I/O registers:      0 out of   117 (0%)
   Number of LUT4s:            58 out of  5280 (1%)
      Number of logic LUT4s:              38
      Number of ripple logic:             10 (20 LUT4s)
   Number of IO sites used:   19 out of 39 (49%)
      Number of IO sites used for general PIO: 19
      Number of IO sites used for I3C: 0 out of 2 (0%)
      (note: If I3C is not used, its site can be used as general PIO)
      Number of IO sites used for PIO+I3C: 19 out of 36 (53%)
      Number of IO sites used for OD+RGB IO buffers: 0 out of 3 (0%)
      (note: If RGB LED drivers are not used, sites can be used as OD outputs,
       see TN1288 iCE40 LED Driver Usage Guide)
      Number of IO sites used for PIO+I3C+OD+RGB: 19 out of 39 (49%)
   Number of DSPs:             0 out of 8 (0%)
   Number of I2Cs:             0 out of 2 (0%)
   Number of High Speed OSCs:  1 out of 1 (100%)
   Number of Low Speed OSCs:   0 out of 1 (0%)
   Number of RGB PWM:          0 out of 1 (0%)
   Number of RGB Drivers:      0 out of 1 (0%)
   Number of SCL FILTERs:      0 out of 2 (0%)
   Number of SRAMs:            0 out of 4 (0%)
   Number of WARMBOOTs:        0 out of 1 (0%)
   Number of SPIs:             0 out of 2 (0%)
   Number of EBRs:             0 out of 30 (0%)
   Number of PLLs:             0 out of 1 (0%)
   Number of Clocks:  1
      Net int_osc: 19 loads, 19 rising, 0 falling (Driver: Pin hf_osc/CLKHF)
   Number of Clock Enables:  2
      Net VCC_net: 1 loads, 0 SLICEs
      Net n246: 19 loads, 19 SLICEs
   Number of LSRs:  1
      Net n78: 19 loads, 19 SLICEs
   Top 10 highest fanout non-clock nets:
      Net n23: 19 loads
      Net n246: 19 loads
      Net n78: 19 loads
      Net chosen_dip[0]: 7 loads

                                    Page 1





Design Summary (cont)
---------------------
      Net chosen_dip[1]: 7 loads
      Net chosen_dip[2]: 7 loads
      Net chosen_dip[3]: 7 loads
      Net chosen_pin_c: 7 loads
      Net VCC_net: 3 loads
      Net count[10]: 2 loads





   Number of warnings:  0
   Number of criticals: 0
   Number of errors:    0

Design Errors/Criticals/Warnings
--------------------------------

   No error, critical, or warning presents.

IO (PIO) Attributes
-------------------

+---------------------+-----------+-----------+-------+-------+-----------+
| IO Name             | Direction | Levelmode |  IO   |  IO   | Special   |
|                     |           |  IO_TYPE  |  REG  |  DDR  | IO Buffer |
+---------------------+-----------+-----------+-------+-------+-----------+
| reset               | INPUT     |           |       |       |           |
+---------------------+-----------+-----------+-------+-------+-----------+
| enable              | INPUT     |           |       |       |           |
+---------------------+-----------+-----------+-------+-------+-----------+
| dip1[3]             | INPUT     |           |       |       |           |
+---------------------+-----------+-----------+-------+-------+-----------+
| dip1[2]             | INPUT     |           |       |       |           |
+---------------------+-----------+-----------+-------+-------+-----------+
| dip1[1]             | INPUT     |           |       |       |           |
+---------------------+-----------+-----------+-------+-------+-----------+
| dip1[0]             | INPUT     |           |       |       |           |
+---------------------+-----------+-----------+-------+-------+-----------+
| dip2[3]             | INPUT     |           |       |       |           |
+---------------------+-----------+-----------+-------+-------+-----------+
| dip2[2]             | INPUT     |           |       |       |           |
+---------------------+-----------+-----------+-------+-------+-----------+
| dip2[1]             | INPUT     |           |       |       |           |
+---------------------+-----------+-----------+-------+-------+-----------+
| dip2[0]             | INPUT     |           |       |       |           |
+---------------------+-----------+-----------+-------+-------+-----------+
| chosen_pin[1]       | OUTPUT    |           |       |       |           |
+---------------------+-----------+-----------+-------+-------+-----------+
| chosen_pin[0]       | OUTPUT    |           |       |       |           |
+---------------------+-----------+-----------+-------+-------+-----------+
| seg[6]              | OUTPUT    |           |       |       |           |
+---------------------+-----------+-----------+-------+-------+-----------+
| seg[5]              | OUTPUT    |           |       |       |           |
+---------------------+-----------+-----------+-------+-------+-----------+
| seg[4]              | OUTPUT    |           |       |       |           |
+---------------------+-----------+-----------+-------+-------+-----------+
| seg[3]              | OUTPUT    |           |       |       |           |

                                    Page 2





IO (PIO) Attributes (cont)
--------------------------
+---------------------+-----------+-----------+-------+-------+-----------+
| seg[2]              | OUTPUT    |           |       |       |           |
+---------------------+-----------+-----------+-------+-------+-----------+
| seg[1]              | OUTPUT    |           |       |       |           |
+---------------------+-----------+-----------+-------+-------+-----------+
| seg[0]              | OUTPUT    |           |       |       |           |
+---------------------+-----------+-----------+-------+-------+-----------+

Removed logic
-------------

Block i1 was optimized away.

OSC Summary
-----------

OSC 1:                                 Pin/Node Value
  OSC Instance Name:                            hf_osc
  Power UP:                            NODE     VCC_net
  Enable Signal:                       NODE     VCC_net
  OSC Output:                          NODE     int_osc
  DIV Setting:                                  01

ASIC Components
---------------

Instance Name: hf_osc
         Type: HFOSC

Constraint Summary
------------------

   Total number of constraints: 21
   Total number of constraints dropped: 0

Run Time and Memory Usage
-------------------------

   Total CPU Time: 0 secs
   Total REAL Time: 0 secs
   Peak Memory Usage: 67 MB
Checksum -- map: fae5b5aec073086a8792df3fe082b1f1aabf2e9
















                                    Page 3


Copyright (c) 1991-1994 by NeoCAD Inc. All rights reserved.
Copyright (c) 1995
     AT&T Corp.   All rights reserved.
Copyright (c) 1995-2001 Lucent
     Technologies Inc.  All rights reserved.
Copyright (c) 2001 Agere Systems
     All rights reserved.
Copyright (c) 2002-2026 Lattice Semiconductor
     Corporation,  All rights reserved.
