
pnmainc -log pnmain "lab2_v2kl_impl_1_map.tcl"
map:  version Radiant Software (64-bit) 2026.1.0.37.0

Copyright (c) 1991-1994 by NeoCAD Inc. All rights reserved.
Copyright (c) 1995 AT&T Corp.   All rights reserved.
Copyright (c) 1995-2001 Lucent Technologies Inc.  All rights reserved.
Copyright (c) 2001 Agere Systems   All rights reserved.
Copyright (c) 2002-2026 Lattice Semiconductor Corporation,  All rights reserved.

Command line:   map -pdc C:/Users/klatvakoski/Documents/GitHub/katie_multiplexer_lab2/Radiant_files/lab2_v2kl/lab2_v2kl/keypad_pinout.pdc -i lab2_v2kl_impl_1_syn.udb -o lab2_v2kl_impl_1_map.udb -mp lab2_v2kl_impl_1.mrp -hierrpt -gui -msgset C:/Users/klatvakoski/Documents/GitHub/katie_multiplexer_lab2/Radiant_files/lab2_v2kl/lab2_v2kl/promote.xml 

Loading device for application GENERIC from file 'itpa08.nph' in environment: C:/lscc/radiant/2026.1/ispfpga.
Package Status:                     Preliminary    Version 1.5.



Design:  lab2_keypad
Family:  iCE40UP
Device:  iCE40UP5K
Package: SG48
Performance Grade:  High-Performance_1.2V

Running general design DRC...




Design Summary:
   Number of slice registers:   0 out of  5280 (0%)
   Number of I/O registers:      0 out of   117 (0%)
   Number of LUT4s:             2 out of  5280 (<1%)
      Number of logic LUT4s:               2
      Number of ripple logic:              0 (0 LUT4s)
   Number of IO sites used:   14 out of 39 (36%)
      Number of IO sites used for general PIO: 14
      Number of IO sites used for I3C: 0 out of 2 (0%)
      (note: If I3C is not used, its site can be used as general PIO)
      Number of IO sites used for PIO+I3C: 14 out of 36 (39%)
      Number of IO sites used for OD+RGB IO buffers: 0 out of 3 (0%)
      (note: If RGB LED drivers are not used, sites can be used as OD outputs,
       see TN1288 iCE40 LED Driver Usage Guide)
      Number of IO sites used for PIO+I3C+OD+RGB: 14 out of 39 (36%)
   Number of DSPs:             0 out of 8 (0%)
   Number of I2Cs:             0 out of 2 (0%)
   Number of High Speed OSCs:  0 out of 1 (0%)
   Number of Low Speed OSCs:   0 out of 1 (0%)
   Number of RGB PWM:          0 out of 1 (0%)
   Number of RGB Drivers:      0 out of 1 (0%)
   Number of SCL FILTERs:      0 out of 2 (0%)
   Number of SRAMs:            0 out of 4 (0%)
   Number of WARMBOOTs:        0 out of 1 (0%)
   Number of SPIs:             0 out of 2 (0%)
   Number of EBRs:             0 out of 30 (0%)
   Number of PLLs:             0 out of 1 (0%)
   Number of Clocks:  0
   Number of Clock Enables:  0
   Number of LSRs:  0
   Top 10 highest fanout non-clock nets:
      Net col_c[0]: 1 loads
      Net col_c[1]: 1 loads
      Net col_c[2]: 1 loads
      Net col_c[3]: 1 loads
      Net VCC_net: 1 loads
Running physical design DRC...

 


   Number of warnings:  0
   Number of criticals: 0
   Number of errors:    0

Constraint Summary:
   Total number of constraints: 15
   Total number of constraints dropped: 0


Total CPU Time: 0 secs  
Total REAL Time: 0 secs  
Peak Memory Usage: 64 MB

Checksum -- map: 4cad73a27b91282f673725a99c025629182f425b
**** CMD map_run - CPU/Elapsed: 0 secs / 0 secs , MEM/Increased: 59.572 Mb/ 0.180 Mb, DATE: 20:59:57 09/13/26
Thank you for using Radiant. Total CPU/Elapsed time: 0 secs /0 secs 

pnmainc -log pnmain "lab2_v2kl_impl_1_par.tcl"

PAR: Place And Route Radiant Software (64-bit) 2026.1.0.37.0.
PARed on: Sun Sep 13 21:00:01 2026

Command Line: par -w -t 1 -cores 1 -hsp m -exp parPathBased=ON \
	lab2_v2kl_impl_1_map.udb lab2_v2kl_impl_1_par.dir/5_1.udb 

Loading lab2_v2kl_impl_1_map.udb ...
Loading device for application GENERIC from file 'itpa08.nph' in environment: C:/lscc/radiant/2026.1/ispfpga.
Package Status:                     Preliminary    Version 1.5.
Successfully read the udb in 0.00 s.

Performance Hardware Data Status:   Advanced       Version 1.0.



Design:  lab2_keypad
Family:  iCE40UP
Device:  iCE40UP5K
Package: SG48
Performance Grade:   High-Performance_1.2V

Constraint Summary
   Total number of constraints: 14
   Total number of constraints dropped: 0

Successfully loaded device info and constraints in 0.00 s.

Beginning Place Design 
Phase 1 Placer Initialization 
Number of Signals: 6
Number of Connections: 8
Phase 1 Placer Initialization Complete: Time (s) - CPU Time : 0.00, Real Time : 0.00  |   Memory (MB) - Peak Memory : 72.07, Gain Memory : 4.75  

Time: cpu = 00:00:00 ; elapsed : 00:00:00 . Memory (MB): peak = 72.07 ; gain = 4.75 

Phase 2 Logic Packing 
Device utilization summary:

   SLICE (est.)       2/2640         <1% used
     LUT              2/5280         <1% used
     REG              0/5280          0% used
   PIO               14/56           25% used
                     14/36           38% bonded
   IOLOGIC            0/56            0% used
   DSP                0/8             0% used
   I2C                0/2             0% used
   HFOSC              0/1             0% used
   LFOSC              0/1             0% used
   LEDDA_IP           0/1             0% used
   RGBA_DRV           0/1             0% used
   FILTER             0/2             0% used
   SRAM               0/4             0% used
   WARMBOOT           0/1             0% used
   SPI                0/2             0% used
   EBR                0/30            0% used
   PLL                0/1             0% used
   RGBOUTBUF          0/3             0% used
   I3C                0/2             0% used
   OPENDRAIN          0/3             0% used

Phase 2 Logic Packing Complete: Time (s) - CPU Time : 0.00, Real Time : 0.00  |   Memory (MB) - Peak Memory : 72.61, Gain Memory : 0.51  

Time: cpu = 00:00:00 ; elapsed : 00:00:00 . Memory (MB): peak = 72.61 ; gain = 0.51 

Phase 3 Hierarchical Placement 
Pin Constraint Summary:
   14 out of 14 pins locked (100% locked).
Phase 3.1 Clustering & Global Placement 
Phase 3.1 Clustering & Global Placement Complete: Time (s) - CPU Time : 0.00, Real Time : 0.00  |   Memory (MB) - Peak Memory : 74.27, Gain Memory : 0.00  

Time: cpu = 00:00:00 ; elapsed : 00:00:00 . Memory (MB): peak = 74.27 ; gain = 0.00 

Phase 3 Hierarchical Placement Complete: Time (s) - CPU Time : 0.02, Real Time : 0.01  |   Memory (MB) - Peak Memory : 74.29, Gain Memory : 1.68  

Time: cpu = 00:00:00 ; elapsed : 00:00:00 . Memory (MB): peak = 74.29 ; gain = 1.68 

Phase 4 Apollo Placement 

................
Finished Placer Phase 0 (AP).  CPU time: 0 secs , REAL time: 0 secs 

Phase 4 Apollo Placement Complete: Time (s) - CPU Time : 0.00, Real Time : 0.01  |   Memory (MB) - Peak Memory : 76.05, Gain Memory : 1.77  

Time: cpu = 00:00:00 ; elapsed : 00:00:00 . Memory (MB): peak = 76.05 ; gain = 1.77 

Phase 5 Constructive Placement 
Phase 5.1 Iterative Refinement 
..  ..
....................

Placer score = 6268.

Device SLICE utilization summary after final SLICE packing:
   SLICE              2/2640         <1% used

Phase 5.1 Iterative Refinement Complete: Time (s) - CPU Time : 0.61, Real Time : 0.61  |   Memory (MB) - Peak Memory : 76.28, Gain Memory : 0.23  

Time: cpu = 00:00:01 ; elapsed : 00:00:01 . Memory (MB): peak = 76.28 ; gain = 0.23 

Phase 5 Constructive Placement Complete: Time (s) - CPU Time : 0.61, Real Time : 0.61  |   Memory (MB) - Peak Memory : 76.28, Gain Memory : 0.23  

Time: cpu = 00:00:01 ; elapsed : 00:00:01 . Memory (MB): peak = 76.28 ; gain = 0.23 

Phase 6 Placement Optimization 
Phase 6.1 Local Optimization 
.

Placer score =  12536
Phase 6.1 Local Optimization Complete: Time (s) - CPU Time : 0.00, Real Time : 0.00  |   Memory (MB) - Peak Memory : 76.30, Gain Memory : 0.02  

Time: cpu = 00:00:01 ; elapsed : 00:00:01 . Memory (MB): peak = 76.30 ; gain = 0.02 

Phase 6 Placement Optimization Complete: Time (s) - CPU Time : 0.00, Real Time : 0.00  |   Memory (MB) - Peak Memory : 76.30, Gain Memory : 0.02  

Time: cpu = 00:00:01 ; elapsed : 00:00:01 . Memory (MB): peak = 76.30 ; gain = 0.02 

Phase 7 IC1PL_TKPP 

------------------ Clock Report ------------------

Global Clocks :

  PRIMARY  : 0 out of 8 (0%)

--------------- End of Clock Report ---------------


I/O Usage Summary (final):
   14 out of 56 (25.0%) I/O sites used.
   14 out of 36 (38.9%) bonded I/O sites used.
   Number of I/O components: 14; differential: 0
   Number of Vref pins used: 0

I/O Bank Usage Summary:
+----------+---------------+------------+------------+------------+
| I/O Bank | Usage         | Bank Vccio | Bank Vref1 | Bank Vref2 |
+----------+---------------+------------+------------+------------+
| 0        | 5 / 14 ( 35%) | 3.3V       |            |            |
| 1        | 5 / 14 ( 35%) | 3.3V       |            |            |
| 2        | 4 / 8 ( 50%)  | 3.3V       |            |            |
+----------+---------------+------------+------------+------------+

Phase 7 IC1PL_TKPP Complete: Time (s) - CPU Time : 0.00, Real Time : 0.00  |   Memory (MB) - Peak Memory : 76.33, Gain Memory : 0.04  

Time: cpu = 00:00:01 ; elapsed : 00:00:01 . Memory (MB): peak = 76.33 ; gain = 0.04 

Total Placer CPU time: 1 secs, REAL time = 1 secs


Checksum -- place: 79cd72a0222b5c2725b6c70c69923a8ef78c69eb
Ending Place Design : Time (s) - CPU Time : 0.62, Real Time : 0.63  |   Memory (MB) - Peak Memory : 76.42, Gain Memory : 9.10  

Time: cpu = 00:00:01 ; elapsed : 00:00:01 . Memory (MB): peak = 76.42 ; gain = 9.10 


 Phase Summary Table: 	
+--------------------------------------------------------+-------------+--------------+-----------------+----------------+
| Phase Name                                             | CPU Time(s) | Wall Time(s) | Peak Memory(MB) | Memory Gain(MB)|
+--------------------------------------------------------+-------------+--------------+-----------------+----------------+
| Phase 1 Placer Initialization                          | 0.00        |         0.00 |           72.07 |           4.75 |
| Phase 2 Logic Packing                                  | 0.00        |         0.00 |           72.61 |           0.51 |
| Phase 3 Hierarchical Placement                         | 0.02        |         0.01 |           74.29 |           1.68 |
| Phase 3.1 Clustering & Global Placement                | 0.00        |         0.00 |           74.27 |           0.00 |
| Phase 4 Apollo Placement                               | 0.00        |         0.01 |           76.05 |           1.77 |
| Phase 5 Constructive Placement                         | 0.61        |         0.61 |           76.28 |           0.23 |
| Phase 5.1 Iterative Refinement                         | 0.61        |         0.61 |           76.28 |           0.23 |
| Phase 6 Placement Optimization                         | 0.00        |         0.00 |           76.30 |           0.02 |
| Phase 6.1 Local Optimization                           | 0.00        |         0.00 |           76.30 |           0.02 |
| Phase 7 IC1PL_TKPP                                     | 0.00        |         0.00 |           76.33 |           0.04 |
+--------------------------------------------------------+-------------+--------------+-----------------+----------------+
Writing design to file lab2_v2kl_impl_1_par.dir/5_1.udb ...

Starting Route Task
Beginning Route Design 
Phase 1 Build Route Design 

-----------------------------------------------------------------
INFO - par: ASE feature is off due to non timing-driven settings.  
-----------------------------------------------------------------


Start NBR router at 21:00:02 09/13/26

*****************************************************************
Info: NBR allows conflicts(one node used by more than one signal)
      in the earlier iterations. In each iteration, it tries to  
      solve the conflicts while keeping the critical connections 
      routed as short as possible. The routing process is said to
      be completed when no conflicts exist and all connections   
      are routed.                                                
Note: NBR uses a different method to calculate timing slacks. The
      worst slack and total negative slack may not be the same as
      that in timing report. You should always run the timing    
      tool to verify your design.                                
*****************************************************************

Phase 1 Build Route Design Complete: Time (s) - CPU Time : 0.03, Real Time : 0.04  |   Memory (MB) - Peak Memory : 91.45, Gain Memory : 18.68  

Time: cpu = 00:00:00 ; elapsed : 00:00:00 . Memory (MB): peak = 91.45 ; gain = 18.68 

Phase 2 Design Checks and Routing Setup 
Phase 2 Design Checks and Routing Setup Complete: Time (s) - CPU Time : 0.00, Real Time : 0.00  |   Memory (MB) - Peak Memory : 91.47, Gain Memory : 0.00  

Time: cpu = 00:00:00 ; elapsed : 00:00:00 . Memory (MB): peak = 91.47 ; gain = 0.00 

Phase 3 Dedicated Net and Clock Routing 
Phase 3.1 Routing User Constraints 
Phase 3.1 Routing User Constraints Complete: Time (s) - CPU Time : 0.30, Real Time : 0.29  |   Memory (MB) - Peak Memory : 107.56, Gain Memory : 16.09  

Time: cpu = 00:00:00 ; elapsed : 00:00:00 . Memory (MB): peak = 107.56 ; gain = 16.09 

Phase 3.2 Dedicated Routing 
Phase 3.2 Dedicated Routing Complete: Time (s) - CPU Time : 0.00, Real Time : 0.00  |   Memory (MB) - Peak Memory : 107.56, Gain Memory : 15.84  

Time: cpu = 00:00:00 ; elapsed : 00:00:00 . Memory (MB): peak = 107.56 ; gain = 15.84 

Phase 3.3 Clock Net Routing 
Phase 3.3 Clock Net Routing Complete: Time (s) - CPU Time : 0.00, Real Time : 0.00  |   Memory (MB) - Peak Memory : 107.56, Gain Memory : 19.93  

Time: cpu = 00:00:00 ; elapsed : 00:00:00 . Memory (MB): peak = 107.56 ; gain = 19.93 

Phase 3.4 Dedicated Net and Clock Routing Finalization 
Preassignment Summary:
--------------------------------------------------------------------------------
0 connections routed (of 8 total) (0.00%)
--------------------------------------------------------------------------------
Phase 3.4 Dedicated Net and Clock Routing Finalization Complete: Time (s) - CPU Time : 0.00, Real Time : 0.00  |   Memory (MB) - Peak Memory : 107.56, Gain Memory : 19.92  

Time: cpu = 00:00:00 ; elapsed : 00:00:00 . Memory (MB): peak = 107.56 ; gain = 19.92 

Phase 3 Dedicated Net and Clock Routing Complete: Time (s) - CPU Time : 0.30, Real Time : 0.29  |   Memory (MB) - Peak Memory : 107.56, Gain Memory : 16.09  

Time: cpu = 00:00:00 ; elapsed : 00:00:00 . Memory (MB): peak = 107.56 ; gain = 16.09 

Phase 4 Pre-Detailed Routing 
Phase 4 Pre-Detailed Routing Complete: Time (s) - CPU Time : 0.00, Real Time : 0.00  |   Memory (MB) - Peak Memory : 107.56, Gain Memory : 19.91  

Time: cpu = 00:00:00 ; elapsed : 00:00:00 . Memory (MB): peak = 107.56 ; gain = 19.91 

Phase 5 Detailed Routing 
Phase 5.1 Initial Detailed Routing 

Start NBR section for initial routing at 21:00:02 09/13/26
Level 4, iteration 1
+++++++++++++++++++++++++++++++++++++++++++++++++++++++++++++++++++
Routing in Serial Mode ......
+++++++++++++++++++++++++++++++++++++++++++++++++++++++++++++++++++
0(0.00%) conflict; 0(0.00%) untouched conn; 0 (nbr) score; real time: 0 secs 

Info: Initial congestion level at 75.00% usage is 0
Info: Initial congestion area  at 75.00% usage is 0 (0.00%)
Phase 5.1 Initial Detailed Routing Complete: Time (s) - CPU Time : 0.03, Real Time : 0.03  |   Memory (MB) - Peak Memory : 107.56, Gain Memory : 19.91  

Time: cpu = 00:00:00 ; elapsed : 00:00:00 . Memory (MB): peak = 107.56 ; gain = 19.91 

Phase 5.2 Rip-Up and Route 

Start NBR section for normal routing at 21:00:02 09/13/26
Level 4, iteration 1
0(0.00%) conflict; 0(0.00%) untouched conn; 0 (nbr) score; real time: 0 secs 
Phase 5.2 Rip-Up and Route Complete: Time (s) - CPU Time : 0.00, Real Time : 0.00  |   Memory (MB) - Peak Memory : 107.56, Gain Memory : 19.29  

Time: cpu = 00:00:00 ; elapsed : 00:00:00 . Memory (MB): peak = 107.56 ; gain = 19.29 

Phase 5.3 Rip-Up and Reroute for setup timing improvement 
Phase 5.3 Rip-Up and Reroute for setup timing improvement Complete: Time (s) - CPU Time : 0.00, Real Time : 0.00  |   Memory (MB) - Peak Memory : 107.56, Gain Memory : 19.29  

Time: cpu = 00:00:00 ; elapsed : 00:00:00 . Memory (MB): peak = 107.56 ; gain = 19.29 

Phase 5.4 Rip-Up and Reroute for hold timing fix 
Phase 5.4 Rip-Up and Reroute for hold timing fix Complete: Time (s) - CPU Time : 0.00, Real Time : 0.00  |   Memory (MB) - Peak Memory : 107.56, Gain Memory : 19.29  

Time: cpu = 00:00:00 ; elapsed : 00:00:00 . Memory (MB): peak = 107.56 ; gain = 19.29 

Phase 5.5 TNS CleanUp 

Start NBR section for post-routing at 21:00:02 09/13/26
Phase 5.5 TNS CleanUp Complete: Time (s) - CPU Time : 0.00, Real Time : 0.00  |   Memory (MB) - Peak Memory : 107.56, Gain Memory : 19.29  

Time: cpu = 00:00:00 ; elapsed : 00:00:00 . Memory (MB): peak = 107.56 ; gain = 19.29 

Phase 5.6 Detail Routing Finalization 

End NBR router with 0 unrouted connection(s)

Checksum -- route: 232dd83db074f2e31cd9381847e1cd5d8905fda8
Phase 5.6 Detail Routing Finalization Complete: Time (s) - CPU Time : 0.00, Real Time : 0.00  |   Memory (MB) - Peak Memory : 107.56, Gain Memory : 19.29  

Time: cpu = 00:00:00 ; elapsed : 00:00:00 . Memory (MB): peak = 107.56 ; gain = 19.29 


Phase 5 Detailed Routing Complete: Time (s) - CPU Time : 0.03, Real Time : 0.03  |   Memory (MB) - Peak Memory : 107.56, Gain Memory : 19.91  

Time: cpu = 00:00:00 ; elapsed : 00:00:00 . Memory (MB): peak = 107.56 ; gain = 19.91 

Phase 6 Router Finalization 
Total Router CPU time 0 secs , REAL time: 0 secs 
Completely routed.
End of route.  8 routed (100.00%); 0 unrouted.
Phase 6 Router Finalization Complete: Time (s) - CPU Time : 0.00, Real Time : 0.00  |   Memory (MB) - Peak Memory : 107.56, Gain Memory : 19.29  

Time: cpu = 00:00:00 ; elapsed : 00:00:00 . Memory (MB): peak = 107.56 ; gain = 19.29 

Ending Route Design : Time (s) - CPU Time : 0.38, Real Time : 0.37  |   Memory (MB) - Peak Memory : 107.56, Gain Memory : 34.83  

Time: cpu = 00:00:00 ; elapsed : 00:00:00 . Memory (MB): peak = 107.56 ; gain = 34.83 


 Phase Summary Table: 	
+--------------------------------------------------------+-------------+--------------+-----------------+----------------+
| Phase Name                                             | CPU Time(s) | Wall Time(s) | Peak Memory(MB) | Memory Gain(MB)|
+--------------------------------------------------------+-------------+--------------+-----------------+----------------+
| Phase 1 Build Route Design                             | 0.03        |         0.04 |           91.45 |          18.68 |
| Phase 2 Design Checks and Routing Setup                | 0.00        |         0.00 |           91.47 |           0.00 |
| Phase 3 Dedicated Net and Clock Routing                | 0.30        |         0.29 |          107.56 |          16.09 |
| Phase 3.1 Routing User Constraints                     | 0.30        |         0.29 |          107.56 |          16.09 |
| Phase 3.2 Dedicated Routing                            | 0.00        |         0.00 |          107.56 |          15.84 |
| Phase 3.3 Clock Net Routing                            | 0.00        |         0.00 |          107.56 |          19.93 |
| Phase 3.4 Dedicated Net and Clock Routing Finalization | 0.00        |         0.00 |          107.56 |          19.92 |
| Phase 4 Pre-Detailed Routing                           | 0.00        |         0.00 |          107.56 |          19.91 |
| Phase 5 Detailed Routing                               | 0.03        |         0.03 |          107.56 |          19.91 |
| Phase 5.1 Initial Detailed Routing                     | 0.03        |         0.03 |          107.56 |          19.91 |
| Phase 5.2 Rip-Up and Route                             | 0.00        |         0.00 |          107.56 |          19.29 |
| Phase 5.3 Rip-Up and Reroute for setup timing improve* | 0.00        |         0.00 |          107.56 |          19.29 |
| Phase 5.4 Rip-Up and Reroute for hold timing fix       | 0.00        |         0.00 |          107.56 |          19.29 |
| Phase 5.5 TNS CleanUp                                  | 0.00        |         0.00 |          107.56 |          19.29 |
| Phase 5.6 Detail Routing Finalization                  | 0.00        |         0.00 |          107.56 |          19.29 |
| Phase 6 Router Finalization                            | 0.00        |         0.00 |          107.56 |          19.29 |
+--------------------------------------------------------+-------------+--------------+-----------------+----------------+

Writing design to file lab2_v2kl_impl_1_par.dir/5_1.udb ...


PAR_SUMMARY::Run status = Completed
PAR_SUMMARY::Number of unrouted conns = 0
PAR_SUMMARY::Estimated worst slack<setup/<ns>> = <n/a>
PAR_SUMMARY::Timing score<setup/<ns>> = <n/a>
PAR_SUMMARY::Estimated worst slack<hold/<ns>> = <n/a>
PAR_SUMMARY::Timing score<hold/<ns>> = <n/a>
PAR_SUMMARY::Number of errors = 0

Note: user must run 'timing' for timing closure signoff.

Total CPU  Time: 1 secs 
Total REAL Time: 2 secs 
Peak Memory Usage: 107.56 MB


par done!

Copyright (c) 1991-1994 by NeoCAD Inc. All rights reserved.
Copyright (c) 1995 AT&T Corp.   All rights reserved.
Copyright (c) 1995-2001 Lucent Technologies Inc.  All rights reserved.
Copyright (c) 2001 Agere Systems   All rights reserved.
Copyright (c) 2002-2026 Lattice Semiconductor Corporation,  All rights reserved.
**** CMD par_run - CPU/Elapsed: 0 secs / 2 secs , MEM/Increased: 59.728 Mb/ 0.213 Mb, DATE: 21:00:03 09/13/26
Thank you for using Radiant. Total CPU/Elapsed time: 0 secs /2 secs 

timing -sethld -v 10 -u 10 -endpoints 10 -nperend 1 -sp High-Performance_1.2V -hsp m   -pwrprd -html -rpt "lab2_v2kl_impl_1.twr" "lab2_v2kl_impl_1.udb" 
timing -sethld -v 10 -u 10 -endpoints 10 -nperend 1 -sp High-Performance_1.2V -hsp m -pwrprd -html -rpt lab2_v2kl_impl_1.twr lab2_v2kl_impl_1.udb -gui -msgset C:/Users/klatvakoski/Documents/GitHub/katie_multiplexer_lab2/Radiant_files/lab2_v2kl/lab2_v2kl/promote.xml
Starting design reading...
Loading device for application GENERIC from file 'itpa08.nph' in environment: C:/lscc/radiant/2026.1/ispfpga.
Package Status:                     Preliminary    Version 1.5.
Performance Hardware Data Status:   Advanced       Version 1.0.
Loading udb::Database ...
Design:  lab2_keypad
Family:  iCE40UP
Device:  iCE40UP5K
Package: SG48
Performance Grade:   High-Performance_1.2V



Successfully loading udb, 0.03 seconds

Initializing timer
Starting design annotation....

Starting full timing analysis...
Performance Hardware Data Status:   Advanced       Version 1.0.
Connections ignored  0  counted  8  covered  0
Changing speed to m;   changing temperature to -40

STA Runtime and Peak Memory Usage :
Total CPU Time: 0 secs 
Total REAL Time: 0 secs 
Peak Memory Usage: 97 MB

 0.507446s wall, 0.390625s user + 0.093750s system = 0.484375s CPU (95.5%)


tmcheck -par "lab2_v2kl_impl_1.par"  

pnmainc -log pnmain "lab2_v2kl_impl_1_bit.tcl"
Loading lab2_v2kl_impl_1.udb ...
Loading device for application GENERIC from file 'itpa08.nph' in environment: C:/lscc/radiant/2026.1/ispfpga.
Package Status:                     Preliminary    Version 1.5.
Successfully read the udb in 0.00 s.

Performance Hardware Data Status:   Advanced       Version 1.0.



Design:  lab2_keypad
Family:  iCE40UP
Device:  iCE40UP5K
Package: SG48
Performance Grade:   High-Performance_1.2V

Constraint Summary
   Total number of constraints: 14
   Total number of constraints dropped: 0

Successfully loaded device info and constraints in 0.00 s.

Successfully loading design udb and device data from disks and to up-layer in CPU time: 0 secs , REAL time: 0 secs 



BITGEN: Bitstream Generator Radiant Software (64-bit) 2026.1.0.37.0
Copyright (c) 1991-1994 by NeoCAD Inc. All rights reserved.
Copyright (c) 1995 AT&T Corp.   All rights reserved.
Copyright (c) 1995-2001 Lucent Technologies Inc.  All rights reserved.
Copyright (c) 2001 Agere Systems   All rights reserved.
Copyright (c) 2002-2026 Lattice Semiconductor Corporation,  All rights reserved.


Running DRC.
DRC detected 0 errors and 0 warnings.

Preference Summary:
+---------------------------------+---------------------------------+
|  Preference                     |  Current Setting                |
+---------------------------------+---------------------------------+
 *  Default setting.
 ** The specified setting matches the default setting.


Creating bit map...
Saving bit stream in "C:/Users/klatvakoski/Documents/GitHub/katie_multiplexer_lab2/Radiant_files/lab2_v2kl/lab2_v2kl/impl_1/lab2_v2kl_impl_1.bin".
Bitstream generation complete!

Total CPU Time: 0 secs 
Total REAL Time: 4 secs 
Peak Memory Usage: 116 MB

**** CMD bit_generate - CPU/Elapsed: 0 secs / 4 secs , MEM/Increased: 59.605 Mb/ 0.213 Mb, DATE: 21:00:10 09/13/26
Thank you for using Radiant. Total CPU/Elapsed time: 0 secs /4 secs 
