
                         Lattice Mapping Report File

Design:  lab2_keypad
Family:  iCE40UP
Device:  iCE40UP5K
Package: SG48
Performance Grade:  High-Performance_1.2V

Mapper:    version Radiant Software (64-bit) 2026.1.0.37.0
Mapped on: Mon Sep 14 18:18:47 2026

Design Information
------------------

Command line:   map -pdc C:/Users/klatvakoski/Documents/GitHub/katie_multiplexer
     _lab2/Radiant_files/lab2_v2kl/lab2_v2kl/keypad_pinout.pdc -i
     lab2_v2kl_impl_1_syn.udb -o lab2_v2kl_impl_1_map.udb -mp
     lab2_v2kl_impl_1.mrp -hierrpt -gui -msgset C:/Users/klatvakoski/Documents/G
     itHub/katie_multiplexer_lab2/Radiant_files/lab2_v2kl/lab2_v2kl/promote.xml

Design Summary
--------------

   Number of slice registers:   8 out of  5280 (<1%)
   Number of I/O registers:      0 out of   117 (0%)
   Number of LUT4s:            39 out of  5280 (1%)
      Number of logic LUT4s:              29
      Number of ripple logic:              5 (10 LUT4s)
   Number of IO sites used:   14 out of 39 (36%)
      Number of IO sites used for general PIO: 14
      Number of IO sites used for I3C: 0 out of 2 (0%)
      (note: If I3C is not used, its site can be used as general PIO)
      Number of IO sites used for PIO+I3C: 14 out of 36 (39%)
      Number of IO sites used for OD+RGB IO buffers: 0 out of 3 (0%)
      (note: If RGB LED drivers are not used, sites can be used as OD outputs,
       see TN1288 iCE40 LED Driver Usage Guide)
      Number of IO sites used for PIO+I3C+OD+RGB: 14 out of 39 (36%)
   Number of DSPs:             0 out of 8 (0%)
   Number of I2Cs:             0 out of 2 (0%)
   Number of High Speed OSCs:  1 out of 1 (100%)
   Number of Low Speed OSCs:   0 out of 1 (0%)
   Number of RGB PWM:          0 out of 1 (0%)
   Number of RGB Drivers:      0 out of 1 (0%)
   Number of SCL FILTERs:      0 out of 2 (0%)
   Number of SRAMs:            0 out of 4 (0%)
   Number of WARMBOOTs:        0 out of 1 (0%)
   Number of SPIs:             0 out of 2 (0%)
   Number of EBRs:             0 out of 30 (0%)
   Number of PLLs:             0 out of 1 (0%)
   Number of Clocks:  1
      Net int_osc: 8 loads, 8 rising, 0 falling (Driver: Pin hf_osc/CLKHF)
   Number of Clock Enables:  2
      Net VCC_net: 1 loads, 0 SLICEs
      Net n184: 8 loads, 8 SLICEs
   Number of LSRs:  1
      Net n177: 8 loads, 8 SLICEs
   Top 10 highest fanout non-clock nets:
      Net key.counting.count[5]: 9 loads
      Net n177: 8 loads
      Net n184: 8 loads
      Net key.counting.count[2]: 7 loads

                                    Page 1





Design Summary (cont)
---------------------
      Net key.counting.count[6]: 7 loads
      Net key.counting.count[7]: 7 loads
      Net key.counting.n319: 7 loads
      Net key.counting.count[1]: 5 loads
      Net key.counting.count[3]: 5 loads
      Net key.counting.count[4]: 5 loads





   Number of warnings:  0
   Number of criticals: 0
   Number of errors:    0

Design Errors/Criticals/Warnings
--------------------------------

   No error, critical, or warning presents.

IO (PIO) Attributes
-------------------

+---------------------+-----------+-----------+-------+-------+-----------+
| IO Name             | Direction | Levelmode |  IO   |  IO   | Special   |
|                     |           |  IO_TYPE  |  REG  |  DDR  | IO Buffer |
+---------------------+-----------+-----------+-------+-------+-----------+
| led[3]              | OUTPUT    |           |       |       |           |
+---------------------+-----------+-----------+-------+-------+-----------+
| row[3]              | OUTPUT    |           |       |       |           |
+---------------------+-----------+-----------+-------+-------+-----------+
| led[2]              | OUTPUT    |           |       |       |           |
+---------------------+-----------+-----------+-------+-------+-----------+
| col[0]              | INPUT     |           |       |       |           |
+---------------------+-----------+-----------+-------+-------+-----------+
| col[1]              | INPUT     |           |       |       |           |
+---------------------+-----------+-----------+-------+-------+-----------+
| col[2]              | INPUT     |           |       |       |           |
+---------------------+-----------+-----------+-------+-------+-----------+
| col[3]              | INPUT     |           |       |       |           |
+---------------------+-----------+-----------+-------+-------+-----------+
| enable              | INPUT     |           |       |       |           |
+---------------------+-----------+-----------+-------+-------+-----------+
| row[2]              | OUTPUT    |           |       |       |           |
+---------------------+-----------+-----------+-------+-------+-----------+
| led[1]              | OUTPUT    |           |       |       |           |
+---------------------+-----------+-----------+-------+-------+-----------+
| led[0]              | OUTPUT    |           |       |       |           |
+---------------------+-----------+-----------+-------+-------+-----------+
| reset               | INPUT     |           |       |       |           |
+---------------------+-----------+-----------+-------+-------+-----------+
| row[1]              | OUTPUT    |           |       |       |           |
+---------------------+-----------+-----------+-------+-------+-----------+
| row[0]              | OUTPUT    |           |       |       |           |
+---------------------+-----------+-----------+-------+-------+-----------+




                                    Page 2





Removed logic
-------------

Block i1 was optimized away.

OSC Summary
-----------

OSC 1:                                 Pin/Node Value
  OSC Instance Name:                            hf_osc
  Power UP:                            NODE     VCC_net
  Enable Signal:                       NODE     VCC_net
  OSC Output:                          NODE     int_osc
  DIV Setting:                                  01

ASIC Components
---------------

Instance Name: hf_osc
         Type: HFOSC

Constraint Summary
------------------

   Total number of constraints: 16
   Total number of constraints dropped: 0

Run Time and Memory Usage
-------------------------

   Total CPU Time: 0 secs
   Total REAL Time: 0 secs
   Peak Memory Usage: 65 MB
Checksum -- map: 8cab68b9c282b5b89309803e86341041f03f01fe


























                                    Page 3


Copyright (c) 1991-1994 by NeoCAD Inc. All rights reserved.
Copyright (c) 1995
     AT&T Corp.   All rights reserved.
Copyright (c) 1995-2001 Lucent
     Technologies Inc.  All rights reserved.
Copyright (c) 2001 Agere Systems
     All rights reserved.
Copyright (c) 2002-2026 Lattice Semiconductor
     Corporation,  All rights reserved.
